[    0.000000] microcode: microcode updated early to revision 0xf0, date = 2021-11-15
[    0.000000] Linux version 5.15.0-53-generic (buildd@lcy02-amd64-047) (gcc (Ubuntu 11.2.0-19ubuntu1) 11.2.0, GNU ld (GNU Binutils for Ubuntu) 2.38) #59-Ubuntu SMP Mon Oct 17 18:53:30 UTC 2022 (Ubuntu 5.15.0-53.59-generic 5.15.64)
[    0.000000] Command line: BOOT_IMAGE=/boot/vmlinuz-5.15.0-53-generic root=UUID=2d3f230d-e35d-49c3-a08d-15400b391f2a ro split_lock_detect=off quiet splash vt.handoff=7
[    0.000000] KERNEL supported cpus:
[    0.000000]   Intel GenuineIntel
[    0.000000]   AMD AuthenticAMD
[    0.000000]   Hygon HygonGenuine
[    0.000000]   Centaur CentaurHauls
[    0.000000]   zhaoxin   Shanghai  
[    0.000000] x86/fpu: Supporting XSAVE feature 0x001: 'x87 floating point registers'
[    0.000000] x86/fpu: Supporting XSAVE feature 0x002: 'SSE registers'
[    0.000000] x86/fpu: Supporting XSAVE feature 0x004: 'AVX registers'
[    0.000000] x86/fpu: Supporting XSAVE feature 0x008: 'MPX bounds registers'
[    0.000000] x86/fpu: Supporting XSAVE feature 0x010: 'MPX CSR'
[    0.000000] x86/fpu: xstate_offset[2]:  576, xstate_sizes[2]:  256
[    0.000000] x86/fpu: xstate_offset[3]:  832, xstate_sizes[3]:   64
[    0.000000] x86/fpu: xstate_offset[4]:  896, xstate_sizes[4]:   64
[    0.000000] x86/fpu: Enabled xstate features 0x1f, context size is 960 bytes, using 'compacted' format.
[    0.000000] signal: max sigframe size: 2032
[    0.000000] BIOS-provided physical RAM map:
[    0.000000] BIOS-e820: [mem 0x0000000000000000-0x000000000009dfff] usable
[    0.000000] BIOS-e820: [mem 0x000000000009e000-0x000000000009efff] reserved
[    0.000000] BIOS-e820: [mem 0x000000000009f000-0x000000000009ffff] usable
[    0.000000] BIOS-e820: [mem 0x00000000000a0000-0x00000000000fffff] reserved
[    0.000000] BIOS-e820: [mem 0x0000000000100000-0x000000003fffffff] usable
[    0.000000] BIOS-e820: [mem 0x0000000040000000-0x00000000403fffff] reserved
[    0.000000] BIOS-e820: [mem 0x0000000040400000-0x000000008258afff] usable
[    0.000000] BIOS-e820: [mem 0x000000008258b000-0x000000008258bfff] ACPI NVS
[    0.000000] BIOS-e820: [mem 0x000000008258c000-0x00000000825b1fff] usable
[    0.000000] BIOS-e820: [mem 0x00000000825b2000-0x00000000825b2fff] reserved
[    0.000000] BIOS-e820: [mem 0x00000000825b3000-0x0000000085a46fff] usable
[    0.000000] BIOS-e820: [mem 0x0000000085a47000-0x000000008700afff] reserved
[    0.000000] BIOS-e820: [mem 0x000000008700b000-0x000000008713afff] ACPI data
[    0.000000] BIOS-e820: [mem 0x000000008713b000-0x000000008759afff] ACPI NVS
[    0.000000] BIOS-e820: [mem 0x000000008759b000-0x0000000087efefff] reserved
[    0.000000] BIOS-e820: [mem 0x0000000087eff000-0x0000000087efffff] usable
[    0.000000] BIOS-e820: [mem 0x0000000087f00000-0x0000000088ffffff] reserved
[    0.000000] BIOS-e820: [mem 0x00000000e0000000-0x00000000efffffff] reserved
[    0.000000] BIOS-e820: [mem 0x00000000fe000000-0x00000000fe010fff] reserved
[    0.000000] BIOS-e820: [mem 0x00000000fec00000-0x00000000fec00fff] reserved
[    0.000000] BIOS-e820: [mem 0x00000000fee00000-0x00000000fee00fff] reserved
[    0.000000] BIOS-e820: [mem 0x00000000ff000000-0x00000000ffffffff] reserved
[    0.000000] BIOS-e820: [mem 0x0000000100000000-0x0000000875ffffff] usable
[    0.000000] NX (Execute Disable) protection: active
[    0.000000] e820: update [mem 0x804aa018-0x804c9857] usable ==> usable
[    0.000000] e820: update [mem 0x804aa018-0x804c9857] usable ==> usable
[    0.000000] e820: update [mem 0x80499018-0x804a9457] usable ==> usable
[    0.000000] e820: update [mem 0x80499018-0x804a9457] usable ==> usable
[    0.000000] extended physical RAM map:
[    0.000000] reserve setup_data: [mem 0x0000000000000000-0x000000000009dfff] usable
[    0.000000] reserve setup_data: [mem 0x000000000009e000-0x000000000009efff] reserved
[    0.000000] reserve setup_data: [mem 0x000000000009f000-0x000000000009ffff] usable
[    0.000000] reserve setup_data: [mem 0x00000000000a0000-0x00000000000fffff] reserved
[    0.000000] reserve setup_data: [mem 0x0000000000100000-0x000000003fffffff] usable
[    0.000000] reserve setup_data: [mem 0x0000000040000000-0x00000000403fffff] reserved
[    0.000000] reserve setup_data: [mem 0x0000000040400000-0x0000000080499017] usable
[    0.000000] reserve setup_data: [mem 0x0000000080499018-0x00000000804a9457] usable
[    0.000000] reserve setup_data: [mem 0x00000000804a9458-0x00000000804aa017] usable
[    0.000000] reserve setup_data: [mem 0x00000000804aa018-0x00000000804c9857] usable
[    0.000000] reserve setup_data: [mem 0x00000000804c9858-0x000000008258afff] usable
[    0.000000] reserve setup_data: [mem 0x000000008258b000-0x000000008258bfff] ACPI NVS
[    0.000000] reserve setup_data: [mem 0x000000008258c000-0x00000000825b1fff] usable
[    0.000000] reserve setup_data: [mem 0x00000000825b2000-0x00000000825b2fff] reserved
[    0.000000] reserve setup_data: [mem 0x00000000825b3000-0x0000000085a46fff] usable
[    0.000000] reserve setup_data: [mem 0x0000000085a47000-0x000000008700afff] reserved
[    0.000000] reserve setup_data: [mem 0x000000008700b000-0x000000008713afff] ACPI data
[    0.000000] reserve setup_data: [mem 0x000000008713b000-0x000000008759afff] ACPI NVS
[    0.000000] reserve setup_data: [mem 0x000000008759b000-0x0000000087efefff] reserved
[    0.000000] reserve setup_data: [mem 0x0000000087eff000-0x0000000087efffff] usable
[    0.000000] reserve setup_data: [mem 0x0000000087f00000-0x0000000088ffffff] reserved
[    0.000000] reserve setup_data: [mem 0x00000000e0000000-0x00000000efffffff] reserved
[    0.000000] reserve setup_data: [mem 0x00000000fe000000-0x00000000fe010fff] reserved
[    0.000000] reserve setup_data: [mem 0x00000000fec00000-0x00000000fec00fff] reserved
[    0.000000] reserve setup_data: [mem 0x00000000fee00000-0x00000000fee00fff] reserved
[    0.000000] reserve setup_data: [mem 0x00000000ff000000-0x00000000ffffffff] reserved
[    0.000000] reserve setup_data: [mem 0x0000000100000000-0x0000000875ffffff] usable
[    0.000000] efi: EFI v2.70 by American Megatrends
[    0.000000] efi: ACPI=0x87536000 ACPI 2.0=0x87536014 SMBIOS=0x87abd000 SMBIOS 3.0=0x87abc000 MEMATTR=0x80588418 ESRT=0x84401398 MOKvar=0x8057a000 RNG=0x87ae5a98 
[    0.000000] efi: seeding entropy pool
[    0.000000] random: crng init done
[    0.000000] secureboot: Secure boot disabled
[    0.000000] SMBIOS 3.2.0 present.
[    0.000000] DMI: To Be Filled By O.E.M. To Be Filled By O.E.M./B460 Phantom Gaming 4, BIOS P1.70 09/03/2020
[    0.000000] tsc: Detected 2900.000 MHz processor
[    0.000000] tsc: Detected 2899.886 MHz TSC
[    0.000512] e820: update [mem 0x00000000-0x00000fff] usable ==> reserved
[    0.000516] e820: remove [mem 0x000a0000-0x000fffff] usable
[    0.000528] last_pfn = 0x876000 max_arch_pfn = 0x400000000
[    0.000705] x86/PAT: Configuration [0-7]: WB  WC  UC- UC  WB  WP  UC- WT  
[    0.001590] last_pfn = 0x87f00 max_arch_pfn = 0x400000000
[    0.009806] esrt: Reserving ESRT space from 0x0000000084401398 to 0x00000000844013f8.
[    0.009811] e820: update [mem 0x84401000-0x84401fff] usable ==> reserved
[    0.009830] e820: update [mem 0x8057a000-0x8057afff] usable ==> reserved
[    0.009859] Using GB pages for direct mapping
[    0.010741] secureboot: Secure boot disabled
[    0.010742] RAMDISK: [mem 0x1c02a000-0x200cafff]
[    0.010748] ACPI: Early table checksum verification disabled
[    0.010752] ACPI: RSDP 0x0000000087536014 000024 (v02 ALASKA)
[    0.010756] ACPI: XSDT 0x0000000087535728 0000BC (v01 ALASKA A M I    01072009 AMI  01000013)
[    0.010761] ACPI: FACP 0x0000000087134000 000114 (v06 ALASKA A M I    01072009 AMI  00010013)
[    0.010767] ACPI: DSDT 0x00000000870FC000 037B14 (v02 ALASKA A M I    01072009 INTL 20160527)
[    0.010771] ACPI: FACS 0x000000008759A000 000040
[    0.010773] ACPI: MCFG 0x0000000087138000 00003C (v01 ALASKA A M I    01072009 MSFT 00000097)
[    0.010777] ACPI: SSDT 0x0000000087135000 0020AD (v02 CpuRef CpuSsdt  00003000 INTL 20160527)
[    0.010780] ACPI: FIDT 0x00000000870FB000 00009C (v01 ALASKA A M I    01072009 AMI  00010013)
[    0.010783] ACPI: AAFT 0x000000008713A000 00034C (v01 ALASKA OEMAAFT  01072009 MSFT 00000097)
[    0.010787] ACPI: SSDT 0x00000000870F7000 0031DA (v02 SaSsdt SaSsdt   00003000 INTL 20160527)
[    0.010790] ACPI: SSDT 0x00000000870F4000 002703 (v02 Intel  PegSsdt  00001000 INTL 20160527)
[    0.010793] ACPI: HPET 0x0000000087139000 000038 (v01 ALASKA A M I    01072009 AMI  01000013)
[    0.010797] ACPI: SSDT 0x00000000870F0000 00323D (v02 INTEL  xh_cmvd4 00000000 INTL 20160527)
[    0.010800] ACPI: NHLT 0x00000000870EF000 00002D (v00 ALASKA A M I    01072009 AMI  01000013)
[    0.010803] ACPI: LPIT 0x00000000870EE000 000094 (v01 ALASKA A M I    01072009 AMI  01000013)
[    0.010806] ACPI: SSDT 0x00000000870EA000 0025B2 (v02 ALASKA TbtTypeC 00000000 INTL 20160527)
[    0.010810] ACPI: DBGP 0x00000000870E9000 000034 (v01 ALASKA A M I    01072009 AMI  01000013)
[    0.010813] ACPI: DBG2 0x00000000870E8000 000054 (v00 ALASKA A M I    01072009 AMI  01000013)
[    0.010816] ACPI: SSDT 0x00000000870E6000 001B67 (v02 ALASKA UsbCTabl 00001000 INTL 20160527)
[    0.010819] ACPI: DMAR 0x00000000870E5000 000070 (v01 INTEL  EDK2     00000002      01000013)
[    0.010822] ACPI: WSMT 0x00000000870ED000 000028 (v01 ALASKA A M I    01072009 AMI  00010013)
[    0.010825] ACPI: APIC 0x00000000870E4000 0000F4 (v04 ALASKA A M I    01072009 AMI  00010013)
[    0.010829] ACPI: FPDT 0x00000000870E3000 000044 (v01 ALASKA CML      01072009 AMI  01000013)
[    0.010831] ACPI: Reserving FACP table memory at [mem 0x87134000-0x87134113]
[    0.010833] ACPI: Reserving DSDT table memory at [mem 0x870fc000-0x87133b13]
[    0.010834] ACPI: Reserving FACS table memory at [mem 0x8759a000-0x8759a03f]
[    0.010835] ACPI: Reserving MCFG table memory at [mem 0x87138000-0x8713803b]
[    0.010836] ACPI: Reserving SSDT table memory at [mem 0x87135000-0x871370ac]
[    0.010837] ACPI: Reserving FIDT table memory at [mem 0x870fb000-0x870fb09b]
[    0.010839] ACPI: Reserving AAFT table memory at [mem 0x8713a000-0x8713a34b]
[    0.010840] ACPI: Reserving SSDT table memory at [mem 0x870f7000-0x870fa1d9]
[    0.010841] ACPI: Reserving SSDT table memory at [mem 0x870f4000-0x870f6702]
[    0.010842] ACPI: Reserving HPET table memory at [mem 0x87139000-0x87139037]
[    0.010843] ACPI: Reserving SSDT table memory at [mem 0x870f0000-0x870f323c]
[    0.010844] ACPI: Reserving NHLT table memory at [mem 0x870ef000-0x870ef02c]
[    0.010845] ACPI: Reserving LPIT table memory at [mem 0x870ee000-0x870ee093]
[    0.010846] ACPI: Reserving SSDT table memory at [mem 0x870ea000-0x870ec5b1]
[    0.010847] ACPI: Reserving DBGP table memory at [mem 0x870e9000-0x870e9033]
[    0.010848] ACPI: Reserving DBG2 table memory at [mem 0x870e8000-0x870e8053]
[    0.010849] ACPI: Reserving SSDT table memory at [mem 0x870e6000-0x870e7b66]
[    0.010850] ACPI: Reserving DMAR table memory at [mem 0x870e5000-0x870e506f]
[    0.010851] ACPI: Reserving WSMT table memory at [mem 0x870ed000-0x870ed027]
[    0.010853] ACPI: Reserving APIC table memory at [mem 0x870e4000-0x870e40f3]
[    0.010854] ACPI: Reserving FPDT table memory at [mem 0x870e3000-0x870e3043]
[    0.011197] No NUMA configuration found
[    0.011198] Faking a node at [mem 0x0000000000000000-0x0000000875ffffff]
[    0.011208] NODE_DATA(0) allocated [mem 0x875fd6000-0x875ffffff]
[    0.011588] Zone ranges:
[    0.011589]   DMA      [mem 0x0000000000001000-0x0000000000ffffff]
[    0.011591]   DMA32    [mem 0x0000000001000000-0x00000000ffffffff]
[    0.011593]   Normal   [mem 0x0000000100000000-0x0000000875ffffff]
[    0.011594]   Device   empty
[    0.011596] Movable zone start for each node
[    0.011598] Early memory node ranges
[    0.011599]   node   0: [mem 0x0000000000001000-0x000000000009dfff]
[    0.011600]   node   0: [mem 0x000000000009f000-0x000000000009ffff]
[    0.011601]   node   0: [mem 0x0000000000100000-0x000000003fffffff]
[    0.011602]   node   0: [mem 0x0000000040400000-0x000000008258afff]
[    0.011603]   node   0: [mem 0x000000008258c000-0x00000000825b1fff]
[    0.011604]   node   0: [mem 0x00000000825b3000-0x0000000085a46fff]
[    0.011605]   node   0: [mem 0x0000000087eff000-0x0000000087efffff]
[    0.011606]   node   0: [mem 0x0000000100000000-0x0000000875ffffff]
[    0.011611] Initmem setup node 0 [mem 0x0000000000001000-0x0000000875ffffff]
[    0.011615] On node 0, zone DMA: 1 pages in unavailable ranges
[    0.011617] On node 0, zone DMA: 1 pages in unavailable ranges
[    0.011649] On node 0, zone DMA: 96 pages in unavailable ranges
[    0.015825] On node 0, zone DMA32: 1024 pages in unavailable ranges
[    0.015827] On node 0, zone DMA32: 1 pages in unavailable ranges
[    0.015934] On node 0, zone DMA32: 1 pages in unavailable ranges
[    0.016069] On node 0, zone DMA32: 9400 pages in unavailable ranges
[    0.077700] On node 0, zone Normal: 256 pages in unavailable ranges
[    0.077818] On node 0, zone Normal: 8192 pages in unavailable ranges
[    0.078004] ACPI: PM-Timer IO Port: 0x1808
[    0.078011] ACPI: LAPIC_NMI (acpi_id[0x01] high edge lint[0x1])
[    0.078013] ACPI: LAPIC_NMI (acpi_id[0x02] high edge lint[0x1])
[    0.078014] ACPI: LAPIC_NMI (acpi_id[0x03] high edge lint[0x1])
[    0.078015] ACPI: LAPIC_NMI (acpi_id[0x04] high edge lint[0x1])
[    0.078016] ACPI: LAPIC_NMI (acpi_id[0x05] high edge lint[0x1])
[    0.078017] ACPI: LAPIC_NMI (acpi_id[0x06] high edge lint[0x1])
[    0.078018] ACPI: LAPIC_NMI (acpi_id[0x07] high edge lint[0x1])
[    0.078018] ACPI: LAPIC_NMI (acpi_id[0x08] high edge lint[0x1])
[    0.078019] ACPI: LAPIC_NMI (acpi_id[0x09] high edge lint[0x1])
[    0.078020] ACPI: LAPIC_NMI (acpi_id[0x0a] high edge lint[0x1])
[    0.078021] ACPI: LAPIC_NMI (acpi_id[0x0b] high edge lint[0x1])
[    0.078022] ACPI: LAPIC_NMI (acpi_id[0x0c] high edge lint[0x1])
[    0.078048] IOAPIC[0]: apic_id 2, version 32, address 0xfec00000, GSI 0-119
[    0.078051] ACPI: INT_SRC_OVR (bus 0 bus_irq 0 global_irq 2 dfl dfl)
[    0.078053] ACPI: INT_SRC_OVR (bus 0 bus_irq 9 global_irq 9 high level)
[    0.078056] ACPI: Using ACPI (MADT) for SMP configuration information
[    0.078058] ACPI: HPET id: 0x8086a201 base: 0xfed00000
[    0.078061] TSC deadline timer available
[    0.078062] smpboot: Allowing 12 CPUs, 0 hotplug CPUs
[    0.078087] PM: hibernation: Registered nosave memory: [mem 0x00000000-0x00000fff]
[    0.078090] PM: hibernation: Registered nosave memory: [mem 0x0009e000-0x0009efff]
[    0.078092] PM: hibernation: Registered nosave memory: [mem 0x000a0000-0x000fffff]
[    0.078094] PM: hibernation: Registered nosave memory: [mem 0x40000000-0x403fffff]
[    0.078096] PM: hibernation: Registered nosave memory: [mem 0x80499000-0x80499fff]
[    0.078098] PM: hibernation: Registered nosave memory: [mem 0x804a9000-0x804a9fff]
[    0.078099] PM: hibernation: Registered nosave memory: [mem 0x804aa000-0x804aafff]
[    0.078101] PM: hibernation: Registered nosave memory: [mem 0x804c9000-0x804c9fff]
[    0.078103] PM: hibernation: Registered nosave memory: [mem 0x8057a000-0x8057afff]
[    0.078105] PM: hibernation: Registered nosave memory: [mem 0x8258b000-0x8258bfff]
[    0.078106] PM: hibernation: Registered nosave memory: [mem 0x825b2000-0x825b2fff]
[    0.078109] PM: hibernation: Registered nosave memory: [mem 0x84401000-0x84401fff]
[    0.078111] PM: hibernation: Registered nosave memory: [mem 0x85a47000-0x8700afff]
[    0.078111] PM: hibernation: Registered nosave memory: [mem 0x8700b000-0x8713afff]
[    0.078112] PM: hibernation: Registered nosave memory: [mem 0x8713b000-0x8759afff]
[    0.078113] PM: hibernation: Registered nosave memory: [mem 0x8759b000-0x87efefff]
[    0.078115] PM: hibernation: Registered nosave memory: [mem 0x87f00000-0x88ffffff]
[    0.078116] PM: hibernation: Registered nosave memory: [mem 0x89000000-0xdfffffff]
[    0.078117] PM: hibernation: Registered nosave memory: [mem 0xe0000000-0xefffffff]
[    0.078117] PM: hibernation: Registered nosave memory: [mem 0xf0000000-0xfdffffff]
[    0.078118] PM: hibernation: Registered nosave memory: [mem 0xfe000000-0xfe010fff]
[    0.078119] PM: hibernation: Registered nosave memory: [mem 0xfe011000-0xfebfffff]
[    0.078120] PM: hibernation: Registered nosave memory: [mem 0xfec00000-0xfec00fff]
[    0.078121] PM: hibernation: Registered nosave memory: [mem 0xfec01000-0xfedfffff]
[    0.078121] PM: hibernation: Registered nosave memory: [mem 0xfee00000-0xfee00fff]
[    0.078122] PM: hibernation: Registered nosave memory: [mem 0xfee01000-0xfeffffff]
[    0.078123] PM: hibernation: Registered nosave memory: [mem 0xff000000-0xffffffff]
[    0.078125] [mem 0x89000000-0xdfffffff] available for PCI devices
[    0.078126] Booting paravirtualized kernel on bare hardware
[    0.078128] clocksource: refined-jiffies: mask: 0xffffffff max_cycles: 0xffffffff, max_idle_ns: 7645519600211568 ns
[    0.078136] setup_percpu: NR_CPUS:8192 nr_cpumask_bits:12 nr_cpu_ids:12 nr_node_ids:1
[    0.078421] percpu: Embedded 60 pages/cpu s208896 r8192 d28672 u262144
[    0.078430] pcpu-alloc: s208896 r8192 d28672 u262144 alloc=1*2097152
[    0.078432] pcpu-alloc: [0] 00 01 02 03 04 05 06 07 [0] 08 09 10 11 -- -- -- -- 
[    0.078472] Built 1 zonelists, mobility grouping on.  Total pages: 8238700
[    0.078474] Policy zone: Normal
[    0.078475] Kernel command line: BOOT_IMAGE=/boot/vmlinuz-5.15.0-53-generic root=UUID=2d3f230d-e35d-49c3-a08d-15400b391f2a ro split_lock_detect=off quiet splash vt.handoff=7
[    0.078573] Unknown kernel command line parameters "splash BOOT_IMAGE=/boot/vmlinuz-5.15.0-53-generic split_lock_detect=off", will be passed to user space.
[    0.080008] Dentry cache hash table entries: 4194304 (order: 13, 33554432 bytes, linear)
[    0.080729] Inode-cache hash table entries: 2097152 (order: 12, 16777216 bytes, linear)
[    0.080848] mem auto-init: stack:off, heap alloc:on, heap free:off
[    0.150465] Memory: 32659792K/33478544K available (16393K kernel code, 4378K rwdata, 10812K rodata, 3232K init, 6568K bss, 818492K reserved, 0K cma-reserved)
[    0.150600] SLUB: HWalign=64, Order=0-3, MinObjects=0, CPUs=12, Nodes=1
[    0.150612] ftrace: allocating 50523 entries in 198 pages
[    0.176894] ftrace: allocated 198 pages with 4 groups
[    0.177002] rcu: Hierarchical RCU implementation.
[    0.177003] rcu: 	RCU restricting CPUs from NR_CPUS=8192 to nr_cpu_ids=12.
[    0.177005] 	Rude variant of Tasks RCU enabled.
[    0.177005] 	Tracing variant of Tasks RCU enabled.
[    0.177006] rcu: RCU calculated value of scheduler-enlistment delay is 25 jiffies.
[    0.177007] rcu: Adjusting geometry for rcu_fanout_leaf=16, nr_cpu_ids=12
[    0.181165] NR_IRQS: 524544, nr_irqs: 2152, preallocated irqs: 16
[    0.181503] Console: colour dummy device 80x25
[    0.181522] printk: console [tty0] enabled
[    0.181541] ACPI: Core revision 20210730
[    0.181896] clocksource: hpet: mask: 0xffffffff max_cycles: 0xffffffff, max_idle_ns: 79635855245 ns
[    0.181962] APIC: Switch to symmetric I/O mode setup
[    0.181964] DMAR: Host address width 39
[    0.181965] DMAR: DRHD base: 0x000000fed91000 flags: 0x1
[    0.181970] DMAR: dmar0: reg_base_addr fed91000 ver 1:0 cap d2008c40660462 ecap f050da
[    0.181973] DMAR: RMRR base: 0x00000087850000 end: 0x00000087a99fff
[    0.181975] DMAR-IR: IOAPIC id 2 under DRHD base  0xfed91000 IOMMU 0
[    0.181977] DMAR-IR: HPET id 0 under DRHD base 0xfed91000
[    0.181978] DMAR-IR: Queued invalidation will be enabled to support x2apic and Intr-remapping.
[    0.183354] DMAR-IR: Enabled IRQ remapping in x2apic mode
[    0.183355] x2apic enabled
[    0.183368] Switched APIC routing to cluster x2apic.
[    0.187327] ..TIMER: vector=0x30 apic1=0 pin1=2 apic2=-1 pin2=-1
[    0.205970] clocksource: tsc-early: mask: 0xffffffffffffffff max_cycles: 0x29ccd767b87, max_idle_ns: 440795223720 ns
[    0.205976] Calibrating delay loop (skipped), value calculated using timer frequency.. 5799.77 BogoMIPS (lpj=11599544)
[    0.205979] pid_max: default: 32768 minimum: 301
[    0.208809] LSM: Security Framework initializing
[    0.208819] landlock: Up and running.
[    0.208820] Yama: becoming mindful.
[    0.208840] AppArmor: AppArmor initialized
[    0.208905] Mount-cache hash table entries: 65536 (order: 7, 524288 bytes, linear)
[    0.208949] Mountpoint-cache hash table entries: 65536 (order: 7, 524288 bytes, linear)
[    0.209181] x86/cpu: SGX disabled by BIOS.
[    0.209189] CPU0: Thermal monitoring enabled (TM1)
[    0.209240] process: using mwait in idle threads
[    0.209242] Last level iTLB entries: 4KB 64, 2MB 8, 4MB 8
[    0.209243] Last level dTLB entries: 4KB 64, 2MB 0, 4MB 0, 1GB 4
[    0.209247] Spectre V1 : Mitigation: usercopy/swapgs barriers and __user pointer sanitization
[    0.209249] Spectre V2 : Mitigation: Enhanced IBRS
[    0.209250] Spectre V2 : Spectre v2 / SpectreRSB mitigation: Filling RSB on context switch
[    0.209250] Spectre V2 : Spectre v2 / PBRSB-eIBRS: Retire a single CALL on VMEXIT
[    0.209251] RETBleed: Mitigation: Enhanced IBRS
[    0.209252] Spectre V2 : mitigation: Enabling conditional Indirect Branch Prediction Barrier
[    0.209254] Speculative Store Bypass: Mitigation: Speculative Store Bypass disabled via prctl and seccomp
[    0.209257] MMIO Stale Data: Mitigation: Clear CPU buffers
[    0.209259] SRBDS: Mitigation: Microcode
[    0.231255] Freeing SMP alternatives memory: 40K
[    0.231644] smpboot: Estimated ratio of average max frequency by base frequency (times 1024): 1447
[    0.231656] smpboot: CPU0: Intel(R) Core(TM) i5-10400F CPU @ 2.90GHz (family: 0x6, model: 0xa5, stepping: 0x3)
[    0.231768] Performance Events: PEBS fmt3+, Skylake events, 32-deep LBR, full-width counters, Intel PMU driver.
[    0.231778] ... version:                4
[    0.231779] ... bit width:              48
[    0.231780] ... generic registers:      4
[    0.231780] ... value mask:             0000ffffffffffff
[    0.231781] ... max period:             00007fffffffffff
[    0.231782] ... fixed-purpose events:   3
[    0.231783] ... event mask:             000000070000000f
[    0.231864] rcu: Hierarchical SRCU implementation.
[    0.232644] NMI watchdog: Enabled. Permanently consumes one hw-PMU counter.
[    0.232723] smp: Bringing up secondary CPUs ...
[    0.232791] x86: Booting SMP configuration:
[    0.232792] .... node  #0, CPUs:        #1  #2  #3  #4  #5  #6
[    0.239799] MMIO Stale Data CPU bug present and SMT on, data leak possible. See https://www.kernel.org/doc/html/latest/admin-guide/hw-vuln/processor_mmio_stale_data.html for more details.
[    0.239799]   #7  #8  #9 #10 #11
[    0.242524] smp: Brought up 1 node, 12 CPUs
[    0.242524] smpboot: Max logical packages: 1
[    0.242524] smpboot: Total of 12 processors activated (69597.26 BogoMIPS)
[    0.246904] devtmpfs: initialized
[    0.246904] x86/mm: Memory block size: 128MB
[    0.247696] ACPI: PM: Registering ACPI NVS region [mem 0x8258b000-0x8258bfff] (4096 bytes)
[    0.247696] ACPI: PM: Registering ACPI NVS region [mem 0x8713b000-0x8759afff] (4587520 bytes)
[    0.247696] clocksource: jiffies: mask: 0xffffffff max_cycles: 0xffffffff, max_idle_ns: 7645041785100000 ns
[    0.247696] futex hash table entries: 4096 (order: 6, 262144 bytes, linear)
[    0.247696] pinctrl core: initialized pinctrl subsystem
[    0.247696] PM: RTC time: 13:56:29, date: 2022-11-22
[    0.247696] NET: Registered PF_NETLINK/PF_ROUTE protocol family
[    0.247696] DMA: preallocated 4096 KiB GFP_KERNEL pool for atomic allocations
[    0.247696] DMA: preallocated 4096 KiB GFP_KERNEL|GFP_DMA pool for atomic allocations
[    0.247696] DMA: preallocated 4096 KiB GFP_KERNEL|GFP_DMA32 pool for atomic allocations
[    0.247696] audit: initializing netlink subsys (disabled)
[    0.247696] audit: type=2000 audit(1669125389.064:1): state=initialized audit_enabled=0 res=1
[    0.250064] thermal_sys: Registered thermal governor 'fair_share'
[    0.250065] thermal_sys: Registered thermal governor 'bang_bang'
[    0.250066] thermal_sys: Registered thermal governor 'step_wise'
[    0.250066] thermal_sys: Registered thermal governor 'user_space'
[    0.250067] thermal_sys: Registered thermal governor 'power_allocator'
[    0.250072] EISA bus registered
[    0.250080] cpuidle: using governor ladder
[    0.250083] cpuidle: using governor menu
[    0.250114] ACPI FADT declares the system doesn't support PCIe ASPM, so disable it
[    0.250114] ACPI: bus type PCI registered
[    0.250114] acpiphp: ACPI Hot Plug PCI Controller Driver version: 0.5
[    0.250114] PCI: MMCONFIG for domain 0000 [bus 00-ff] at [mem 0xe0000000-0xefffffff] (base 0xe0000000)
[    0.250114] PCI: MMCONFIG at [mem 0xe0000000-0xefffffff] reserved in E820
[    0.250114] PCI: Using configuration type 1 for base access
[    0.250569] ENERGY_PERF_BIAS: Set to 'normal', was 'performance'
[    0.251062] Kprobes globally optimized
[    0.251066] HugeTLB registered 1.00 GiB page size, pre-allocated 0 pages
[    0.251066] HugeTLB registered 2.00 MiB page size, pre-allocated 0 pages
[    0.251066] fbcon: Taking over console
[    0.251066] ACPI: Added _OSI(Module Device)
[    0.251066] ACPI: Added _OSI(Processor Device)
[    0.251066] ACPI: Added _OSI(3.0 _SCP Extensions)
[    0.251066] ACPI: Added _OSI(Processor Aggregator Device)
[    0.251066] ACPI: Added _OSI(Linux-Dell-Video)
[    0.251066] ACPI: Added _OSI(Linux-Lenovo-NV-HDMI-Audio)
[    0.251066] ACPI: Added _OSI(Linux-HPI-Hybrid-Graphics)
[    0.331715] ACPI: 7 ACPI AML tables successfully acquired and loaded
[    0.337917] ACPI: Dynamic OEM Table Load:
[    0.337925] ACPI: SSDT 0xFFFF9DDB01493C00 000400 (v02 PmRef  Cpu0Cst  00003001 INTL 20160527)
[    0.339092] ACPI: Dynamic OEM Table Load:
[    0.339098] ACPI: SSDT 0xFFFF9DDB0168B000 0005E4 (v02 PmRef  Cpu0Ist  00003000 INTL 20160527)
[    0.340327] ACPI: Dynamic OEM Table Load:
[    0.340331] ACPI: SSDT 0xFFFF9DDB00206200 0000FC (v02 PmRef  Cpu0Psd  00003000 INTL 20160527)
[    0.342072] ACPI: Dynamic OEM Table Load:
[    0.342078] ACPI: SSDT 0xFFFF9DDB0168D000 000778 (v02 PmRef  ApIst    00003000 INTL 20160527)
[    0.343515] ACPI: Dynamic OEM Table Load:
[    0.343523] ACPI: SSDT 0xFFFF9DDB0007C000 000D22 (v02 PmRef  ApPsd    00003000 INTL 20160527)
[    0.345612] ACPI: Dynamic OEM Table Load:
[    0.345618] ACPI: SSDT 0xFFFF9DDB01497400 0003CA (v02 PmRef  ApCst    00003000 INTL 20160527)
[    0.352891] ACPI: Interpreter enabled
[    0.352929] ACPI: PM: (supports S0 S3 S4 S5)
[    0.352930] ACPI: Using IOAPIC for interrupt routing
[    0.353051] PCI: Using host bridge windows from ACPI; if necessary, use "pci=nocrs" and report a bug
[    0.353052] PCI: Using E820 reservations for host bridge windows
[    0.354376] ACPI: Enabled 11 GPEs in block 00 to 7F
[    0.369702] ACPI: PM: Power Resource [V0PR]
[    0.369944] ACPI: PM: Power Resource [V1PR]
[    0.370185] ACPI: PM: Power Resource [V2PR]
[    0.376660] ACPI: PM: Power Resource [PIN]
[    0.377173] ACPI: PCI Root Bridge [PCI0] (domain 0000 [bus 00-fe])
[    0.377180] acpi PNP0A08:00: _OSC: OS supports [ExtendedConfig ASPM ClockPM Segments MSI EDR HPX-Type3]
[    0.377417] acpi PNP0A08:00: _OSC: platform does not support [PCIeHotplug SHPCHotplug PME AER]
[    0.377640] acpi PNP0A08:00: _OSC: OS now controls [PCIeCapability LTR DPC]
[    0.377641] acpi PNP0A08:00: FADT indicates ASPM is unsupported, using BIOS configuration
[    0.378520] PCI host bridge to bus 0000:00
[    0.378523] pci_bus 0000:00: root bus resource [bus 00-fe]
[    0.378525] pci_bus 0000:00: root bus resource [io  0x0000-0x0cf7 window]
[    0.378527] pci_bus 0000:00: root bus resource [io  0x0d00-0xffff window]
[    0.378528] pci_bus 0000:00: root bus resource [mem 0x000a0000-0x000bffff window]
[    0.378529] pci_bus 0000:00: root bus resource [mem 0x000e0000-0x000effff window]
[    0.378530] pci_bus 0000:00: root bus resource [mem 0x89000000-0xdfffffff window]
[    0.378531] pci_bus 0000:00: root bus resource [mem 0xfc800000-0xfe7fffff window]
[    0.378532] pci_bus 0000:00: root bus resource [mem 0x4000000000-0x7fffffffff window]
[    0.378706] pci 0000:00:00.0: [8086:9b53] type 00 class 0x060000
[    0.379107] pci 0000:00:01.0: [8086:1901] type 01 class 0x060400
[    0.379146] pci 0000:00:01.0: PME# supported from D0 D3hot D3cold
[    0.379998] pci 0000:00:14.0: [8086:a3af] type 00 class 0x0c0330
[    0.380015] pci 0000:00:14.0: reg 0x10: [mem 0x4022010000-0x402201ffff 64bit]
[    0.380077] pci 0000:00:14.0: PME# supported from D3hot D3cold
[    0.381011] pci 0000:00:14.2: [8086:a3b1] type 00 class 0x118000
[    0.381026] pci 0000:00:14.2: reg 0x10: [mem 0x4022026000-0x4022026fff 64bit]
[    0.381397] pci 0000:00:16.0: [8086:a3ba] type 00 class 0x078000
[    0.381412] pci 0000:00:16.0: reg 0x10: [mem 0x4022025000-0x4022025fff 64bit]
[    0.381472] pci 0000:00:16.0: PME# supported from D3hot
[    0.382169] pci 0000:00:17.0: [8086:a382] type 00 class 0x010601
[    0.382182] pci 0000:00:17.0: reg 0x10: [mem 0xbc224000-0xbc225fff]
[    0.382189] pci 0000:00:17.0: reg 0x14: [mem 0xbc227000-0xbc2270ff]
[    0.382195] pci 0000:00:17.0: reg 0x18: [io  0x4050-0x4057]
[    0.382201] pci 0000:00:17.0: reg 0x1c: [io  0x4040-0x4043]
[    0.382207] pci 0000:00:17.0: reg 0x20: [io  0x4020-0x403f]
[    0.382213] pci 0000:00:17.0: reg 0x24: [mem 0xbc226000-0xbc2267ff]
[    0.382248] pci 0000:00:17.0: PME# supported from D3hot
[    0.382503] pci 0000:00:1c.0: [8086:a394] type 01 class 0x060400
[    0.382575] pci 0000:00:1c.0: PME# supported from D0 D3hot D3cold
[    0.383297] pci 0000:00:1d.0: [8086:a398] type 01 class 0x060400
[    0.383361] pci 0000:00:1d.0: PME# supported from D0 D3hot D3cold
[    0.384088] pci 0000:00:1f.0: [8086:a3c8] type 00 class 0x060100
[    0.384618] pci 0000:00:1f.2: [8086:a3a1] type 00 class 0x058000
[    0.384630] pci 0000:00:1f.2: reg 0x10: [mem 0xbc220000-0xbc223fff]
[    0.385095] pci 0000:00:1f.3: [8086:a3f0] type 00 class 0x040300
[    0.385114] pci 0000:00:1f.3: reg 0x10: [mem 0x4022020000-0x4022023fff 64bit]
[    0.385137] pci 0000:00:1f.3: reg 0x20: [mem 0x4022000000-0x402200ffff 64bit]
[    0.385180] pci 0000:00:1f.3: PME# supported from D3hot D3cold
[    0.386572] pci 0000:00:1f.4: [8086:a3a3] type 00 class 0x0c0500
[    0.386632] pci 0000:00:1f.4: reg 0x10: [mem 0x4022024000-0x40220240ff 64bit]
[    0.386701] pci 0000:00:1f.4: reg 0x20: [io  0xefa0-0xefbf]
[    0.387212] pci 0000:00:1f.6: [8086:0d55] type 00 class 0x020000
[    0.387230] pci 0000:00:1f.6: reg 0x10: [mem 0xbc200000-0xbc21ffff]
[    0.387319] pci 0000:00:1f.6: PME# supported from D0 D3hot D3cold
[    0.387617] pci 0000:01:00.0: [10de:1c82] type 00 class 0x030000
[    0.387630] pci 0000:01:00.0: reg 0x10: [mem 0xbb000000-0xbbffffff]
[    0.387639] pci 0000:01:00.0: reg 0x14: [mem 0x90000000-0x9fffffff 64bit pref]
[    0.387649] pci 0000:01:00.0: reg 0x1c: [mem 0xa0000000-0xa1ffffff 64bit pref]
[    0.387655] pci 0000:01:00.0: reg 0x24: [io  0x3000-0x307f]
[    0.387661] pci 0000:01:00.0: reg 0x30: [mem 0xbc000000-0xbc07ffff pref]
[    0.387681] pci 0000:01:00.0: BAR 1: assigned to efifb
[    0.387686] pci 0000:01:00.0: Video device with shadowed ROM at [mem 0x000c0000-0x000dffff]
[    0.387758] pci 0000:01:00.0: 32.000 Gb/s available PCIe bandwidth, limited by 2.5 GT/s PCIe x16 link at 0000:00:01.0 (capable of 126.016 Gb/s with 8.0 GT/s PCIe x16 link)
[    0.387819] pci 0000:01:00.1: [10de:0fb9] type 00 class 0x040300
[    0.387830] pci 0000:01:00.1: reg 0x10: [mem 0xbc080000-0xbc083fff]
[    0.387945] pci 0000:00:01.0: PCI bridge to [bus 01]
[    0.387947] pci 0000:00:01.0:   bridge window [io  0x3000-0x3fff]
[    0.387949] pci 0000:00:01.0:   bridge window [mem 0xbb000000-0xbc0fffff]
[    0.387952] pci 0000:00:01.0:   bridge window [mem 0x90000000-0xa1ffffff 64bit pref]
[    0.388075] acpiphp: Slot [1] registered
[    0.388079] pci 0000:00:1c.0: PCI bridge to [bus 02-3a]
[    0.388083] pci 0000:00:1c.0:   bridge window [mem 0xa4000000-0xba0fffff]
[    0.388087] pci 0000:00:1c.0:   bridge window [mem 0x4000000000-0x4021ffffff 64bit pref]
[    0.388222] pci 0000:3b:00.0: [126f:2263] type 00 class 0x010802
[    0.388245] pci 0000:3b:00.0: reg 0x10: [mem 0xbc100000-0xbc103fff 64bit]
[    0.388465] pci 0000:00:1d.0: PCI bridge to [bus 3b]
[    0.388468] pci 0000:00:1d.0:   bridge window [mem 0xbc100000-0xbc1fffff]
[    0.390115] ACPI: PCI: Interrupt link LNKA configured for IRQ 0
[    0.390222] ACPI: PCI: Interrupt link LNKB configured for IRQ 1
[    0.390326] ACPI: PCI: Interrupt link LNKC configured for IRQ 0
[    0.390430] ACPI: PCI: Interrupt link LNKD configured for IRQ 0
[    0.390534] ACPI: PCI: Interrupt link LNKE configured for IRQ 0
[    0.390637] ACPI: PCI: Interrupt link LNKF configured for IRQ 0
[    0.390740] ACPI: PCI: Interrupt link LNKG configured for IRQ 0
[    0.390843] ACPI: PCI: Interrupt link LNKH configured for IRQ 0
[    0.396398] iommu: Default domain type: Translated 
[    0.396398] iommu: DMA domain TLB invalidation policy: lazy mode 
[    0.396398] SCSI subsystem initialized
[    0.396398] libata version 3.00 loaded.
[    0.396398] pci 0000:01:00.0: vgaarb: setting as boot VGA device
[    0.396398] pci 0000:01:00.0: vgaarb: VGA device added: decodes=io+mem,owns=io+mem,locks=none
[    0.396398] pci 0000:01:00.0: vgaarb: bridge control possible
[    0.396398] vgaarb: loaded
[    0.396398] ACPI: bus type USB registered
[    0.396398] usbcore: registered new interface driver usbfs
[    0.396398] usbcore: registered new interface driver hub
[    0.396398] usbcore: registered new device driver usb
[    0.396398] pps_core: LinuxPPS API ver. 1 registered
[    0.396398] pps_core: Software ver. 5.3.6 - Copyright 2005-2007 Rodolfo Giometti <giometti@linux.it>
[    0.396398] PTP clock support registered
[    0.396398] EDAC MC: Ver: 3.0.0
[    0.396398] Registered efivars operations
[    0.396398] NetLabel: Initializing
[    0.396398] NetLabel:  domain hash size = 128
[    0.396398] NetLabel:  protocols = UNLABELED CIPSOv4 CALIPSO
[    0.396398] NetLabel:  unlabeled traffic allowed by default
[    0.396398] PCI: Using ACPI for IRQ routing
[    0.420188] PCI: pci_cache_line_size set to 64 bytes
[    0.420232] e820: reserve RAM buffer [mem 0x0009e000-0x0009ffff]
[    0.420234] e820: reserve RAM buffer [mem 0x80499018-0x83ffffff]
[    0.420236] e820: reserve RAM buffer [mem 0x804aa018-0x83ffffff]
[    0.420237] e820: reserve RAM buffer [mem 0x8057a000-0x83ffffff]
[    0.420238] e820: reserve RAM buffer [mem 0x8258b000-0x83ffffff]
[    0.420239] e820: reserve RAM buffer [mem 0x825b2000-0x83ffffff]
[    0.420239] e820: reserve RAM buffer [mem 0x84401000-0x87ffffff]
[    0.420241] e820: reserve RAM buffer [mem 0x85a47000-0x87ffffff]
[    0.420242] e820: reserve RAM buffer [mem 0x87f00000-0x87ffffff]
[    0.420243] e820: reserve RAM buffer [mem 0x876000000-0x877ffffff]
[    0.420247] hpet0: at MMIO 0xfed00000, IRQs 2, 8, 0, 0, 0, 0, 0, 0
[    0.420247] hpet0: 8 comparators, 64-bit 24.000000 MHz counter
[    0.423012] clocksource: Switched to clocksource tsc-early
[    0.429552] VFS: Disk quotas dquot_6.6.0
[    0.429565] VFS: Dquot-cache hash table entries: 512 (order 0, 4096 bytes)
[    0.429652] AppArmor: AppArmor Filesystem Enabled
[    0.429682] pnp: PnP ACPI init
[    0.429774] system 00:00: [mem 0x40000000-0x403fffff] has been reserved
[    0.430116] system 00:01: [io  0x0280-0x028f] has been reserved
[    0.430118] system 00:01: [io  0x0290-0x029f] has been reserved
[    0.430119] system 00:01: [io  0x02a0-0x02bf] has been reserved
[    0.430121] system 00:01: [io  0x02c0-0x02cf] has been reserved
[    0.430290] system 00:02: [io  0x0680-0x069f] has been reserved
[    0.430292] system 00:02: [io  0x164e-0x164f] has been reserved
[    0.430416] system 00:03: [io  0x1854-0x1857] has been reserved
[    0.430532] system 00:04: [mem 0xfd000000-0xfdabffff] has been reserved
[    0.430534] system 00:04: [mem 0xfdad0000-0xfdadffff] has been reserved
[    0.430536] system 00:04: [mem 0xfdb00000-0xfdffffff] has been reserved
[    0.430537] system 00:04: [mem 0xfe000000-0xfe01ffff] could not be reserved
[    0.430538] system 00:04: [mem 0xfe036000-0xfe03bfff] has been reserved
[    0.430540] system 00:04: [mem 0xfe03d000-0xfe3fffff] has been reserved
[    0.430541] system 00:04: [mem 0xfe410000-0xfe7fffff] has been reserved
[    0.430870] system 00:05: [io  0x2000-0x20fe] has been reserved
[    0.431113] system 00:06: [mem 0xfdaf0000-0xfdafffff] has been reserved
[    0.431115] system 00:06: [mem 0xfdae0000-0xfdaeffff] has been reserved
[    0.431116] system 00:06: [mem 0xfdac0000-0xfdacffff] has been reserved
[    0.431693] system 00:07: [mem 0xfed10000-0xfed17fff] has been reserved
[    0.431695] system 00:07: [mem 0xfed18000-0xfed18fff] has been reserved
[    0.431696] system 00:07: [mem 0xfed19000-0xfed19fff] has been reserved
[    0.431697] system 00:07: [mem 0xe0000000-0xefffffff] has been reserved
[    0.431699] system 00:07: [mem 0xfed20000-0xfed3ffff] has been reserved
[    0.431700] system 00:07: [mem 0xfed90000-0xfed93fff] could not be reserved
[    0.431701] system 00:07: [mem 0xfed45000-0xfed8ffff] has been reserved
[    0.431703] system 00:07: [mem 0xfee00000-0xfeefffff] could not be reserved
[    0.432106] system 00:08: [mem 0xfe038000-0xfe038fff] has been reserved
[    0.432636] pnp: PnP ACPI: found 9 devices
[    0.438050] clocksource: acpi_pm: mask: 0xffffff max_cycles: 0xffffff, max_idle_ns: 2085701024 ns
[    0.438094] NET: Registered PF_INET protocol family
[    0.438218] IP idents hash table entries: 262144 (order: 9, 2097152 bytes, linear)
[    0.439902] tcp_listen_portaddr_hash hash table entries: 16384 (order: 6, 262144 bytes, linear)
[    0.439940] Table-perturb hash table entries: 65536 (order: 6, 262144 bytes, linear)
[    0.440050] TCP established hash table entries: 262144 (order: 9, 2097152 bytes, linear)
[    0.440290] TCP bind hash table entries: 65536 (order: 8, 1048576 bytes, linear)
[    0.440350] TCP: Hash tables configured (established 262144 bind 65536)
[    0.440442] MPTCP token hash table entries: 32768 (order: 7, 786432 bytes, linear)
[    0.440536] UDP hash table entries: 16384 (order: 7, 524288 bytes, linear)
[    0.440607] UDP-Lite hash table entries: 16384 (order: 7, 524288 bytes, linear)
[    0.440681] NET: Registered PF_UNIX/PF_LOCAL protocol family
[    0.440685] NET: Registered PF_XDP protocol family
[    0.440690] pci 0000:00:1c.0: bridge window [io  0x1000-0x0fff] to [bus 02-3a] add_size 1000
[    0.440698] pci 0000:00:1c.0: BAR 13: assigned [io  0x5000-0x5fff]
[    0.440701] pci 0000:00:01.0: PCI bridge to [bus 01]
[    0.440702] pci 0000:00:01.0:   bridge window [io  0x3000-0x3fff]
[    0.440705] pci 0000:00:01.0:   bridge window [mem 0xbb000000-0xbc0fffff]
[    0.440707] pci 0000:00:01.0:   bridge window [mem 0x90000000-0xa1ffffff 64bit pref]
[    0.440710] pci 0000:00:1c.0: PCI bridge to [bus 02-3a]
[    0.440712] pci 0000:00:1c.0:   bridge window [io  0x5000-0x5fff]
[    0.440715] pci 0000:00:1c.0:   bridge window [mem 0xa4000000-0xba0fffff]
[    0.440717] pci 0000:00:1c.0:   bridge window [mem 0x4000000000-0x4021ffffff 64bit pref]
[    0.440722] pci 0000:00:1d.0: PCI bridge to [bus 3b]
[    0.440724] pci 0000:00:1d.0:   bridge window [mem 0xbc100000-0xbc1fffff]
[    0.440730] pci_bus 0000:00: resource 4 [io  0x0000-0x0cf7 window]
[    0.440731] pci_bus 0000:00: resource 5 [io  0x0d00-0xffff window]
[    0.440733] pci_bus 0000:00: resource 6 [mem 0x000a0000-0x000bffff window]
[    0.440734] pci_bus 0000:00: resource 7 [mem 0x000e0000-0x000effff window]
[    0.440735] pci_bus 0000:00: resource 8 [mem 0x89000000-0xdfffffff window]
[    0.440736] pci_bus 0000:00: resource 9 [mem 0xfc800000-0xfe7fffff window]
[    0.440737] pci_bus 0000:00: resource 10 [mem 0x4000000000-0x7fffffffff window]
[    0.440738] pci_bus 0000:01: resource 0 [io  0x3000-0x3fff]
[    0.440740] pci_bus 0000:01: resource 1 [mem 0xbb000000-0xbc0fffff]
[    0.440741] pci_bus 0000:01: resource 2 [mem 0x90000000-0xa1ffffff 64bit pref]
[    0.440742] pci_bus 0000:02: resource 0 [io  0x5000-0x5fff]
[    0.440743] pci_bus 0000:02: resource 1 [mem 0xa4000000-0xba0fffff]
[    0.440744] pci_bus 0000:02: resource 2 [mem 0x4000000000-0x4021ffffff 64bit pref]
[    0.440745] pci_bus 0000:3b: resource 1 [mem 0xbc100000-0xbc1fffff]
[    0.440969] pci 0000:01:00.1: D0 power state depends on 0000:01:00.0
[    0.440976] PCI: CLS 64 bytes, default 64
[    0.441026] PCI-DMA: Using software bounce buffering for IO (SWIOTLB)
[    0.441027] software IO TLB: mapped [mem 0x000000007c3d8000-0x00000000803d8000] (64MB)
[    0.441051] Trying to unpack rootfs image as initramfs...
[    0.450203] platform rtc_cmos: registered platform RTC device (no PNP device found)
[    0.450600] Initialise system trusted keyrings
[    0.450606] Key type blacklist registered
[    0.450632] workingset: timestamp_bits=36 max_order=23 bucket_order=0
[    0.451599] zbud: loaded
[    0.451793] squashfs: version 4.0 (2009/01/31) Phillip Lougher
[    0.451894] fuse: init (API version 7.34)
[    0.452006] integrity: Platform Keyring initialized
[    0.459725] Key type asymmetric registered
[    0.459727] Asymmetric key parser 'x509' registered
[    0.459740] Block layer SCSI generic (bsg) driver version 0.4 loaded (major 243)
[    0.459768] io scheduler mq-deadline registered
[    0.460481] shpchp: Standard Hot Plug PCI Controller Driver version: 0.4
[    0.460789] Monitor-Mwait will be used to enter C-1 state
[    0.460793] ACPI: \_SB_.PR00: Found 1 idle states
[    0.461273] input: Sleep Button as /devices/LNXSYSTM:00/LNXSYBUS:00/PNP0C0E:00/input/input0
[    0.461292] ACPI: button: Sleep Button [SLPB]
[    0.461320] input: Power Button as /devices/LNXSYSTM:00/LNXSYBUS:00/PNP0C0C:00/input/input1
[    0.461334] ACPI: button: Power Button [PWRB]
[    0.461356] input: Power Button as /devices/LNXSYSTM:00/LNXPWRBN:00/input/input2
[    0.461383] ACPI: button: Power Button [PWRF]
[    0.461896] Serial: 8250/16550 driver, 32 ports, IRQ sharing enabled
[    0.463078] Linux agpgart interface v0.103
[    0.464932] loop: module loaded
[    0.465101] tun: Universal TUN/TAP device driver, 1.6
[    0.465118] PPP generic driver version 2.4.2
[    0.465149] VFIO - User Level meta-driver version: 0.3
[    0.465194] ehci_hcd: USB 2.0 'Enhanced' Host Controller (EHCI) Driver
[    0.465199] ehci-pci: EHCI PCI platform driver
[    0.465204] ehci-platform: EHCI generic platform driver
[    0.465209] ohci_hcd: USB 1.1 'Open' Host Controller (OHCI) Driver
[    0.465211] ohci-pci: OHCI PCI platform driver
[    0.465216] ohci-platform: OHCI generic platform driver
[    0.465220] uhci_hcd: USB Universal Host Controller Interface driver
[    0.465255] i8042: PNP: No PS/2 controller found.
[    0.465288] mousedev: PS/2 mouse device common for all mice
[    0.465371] rtc_cmos rtc_cmos: RTC can wake from S4
[    0.465931] rtc_cmos rtc_cmos: registered as rtc0
[    0.466062] rtc_cmos rtc_cmos: setting system clock to 2022-11-22T13:56:29 UTC (1669125389)
[    0.466074] rtc_cmos rtc_cmos: alarms up to one month, y3k, 114 bytes nvram, hpet irqs
[    0.466078] i2c_dev: i2c /dev entries driver
[    0.466340] device-mapper: core: CONFIG_IMA_DISABLE_HTABLE is disabled. Duplicate IMA measurements will not be recorded in the IMA log.
[    0.466358] device-mapper: uevent: version 1.0.3
[    0.466393] device-mapper: ioctl: 4.45.0-ioctl (2021-03-22) initialised: dm-devel@redhat.com
[    0.466405] platform eisa.0: Probing EISA bus 0
[    0.466407] platform eisa.0: EISA: Cannot allocate resource for mainboard
[    0.466408] platform eisa.0: Cannot allocate resource for EISA slot 1
[    0.466409] platform eisa.0: Cannot allocate resource for EISA slot 2
[    0.466410] platform eisa.0: Cannot allocate resource for EISA slot 3
[    0.466411] platform eisa.0: Cannot allocate resource for EISA slot 4
[    0.466411] platform eisa.0: Cannot allocate resource for EISA slot 5
[    0.466412] platform eisa.0: Cannot allocate resource for EISA slot 6
[    0.466413] platform eisa.0: Cannot allocate resource for EISA slot 7
[    0.466414] platform eisa.0: Cannot allocate resource for EISA slot 8
[    0.466415] platform eisa.0: EISA: Detected 0 cards
[    0.466419] intel_pstate: Intel P-state driver initializing
[    0.466848] ledtrig-cpu: registered to indicate activity on CPUs
[    0.466863] efifb: probing for efifb
[    0.466870] efifb: No BGRT, not showing boot graphics
[    0.466871] efifb: framebuffer at 0x90000000, using 2400k, total 2400k
[    0.466872] efifb: mode is 800x600x32, linelength=4096, pages=1
[    0.466873] efifb: scrolling: redraw
[    0.466874] efifb: Truecolor: size=8:8:8:8, shift=24:16:8:0
[    0.466927] Console: switching to colour frame buffer device 100x37
[    0.467571] fb0: EFI VGA frame buffer device
[    0.467576] EFI Variables Facility v0.08 2004-May-17
[    0.470959] resource sanity check: requesting [mem 0xfdffe800-0xfe0007ff], which spans more than pnp 00:04 [mem 0xfdb00000-0xfdffffff]
[    0.470962] caller pmc_core_probe+0xb3/0x250 mapping multiple BARs
[    0.470972] intel_pmc_core INT33A1:00:  initialized
[    0.471014] drop_monitor: Initializing network drop monitor service
[    0.471111] NET: Registered PF_INET6 protocol family
[    0.715262] Freeing initrd memory: 66180K
[    0.718323] Segment Routing with IPv6
[    0.718333] In-situ OAM (IOAM) with IPv6
[    0.718352] NET: Registered PF_PACKET protocol family
[    0.718374] Key type dns_resolver registered
[    0.718794] microcode: sig=0xa0653, pf=0x2, revision=0xf0
[    0.718836] microcode: Microcode Update Driver: v2.2.
[    0.718839] IPI shorthand broadcast: enabled
[    0.718845] sched_clock: Marking stable (718319112, 514520)->(725078174, -6244542)
[    0.719009] registered taskstats version 1
[    0.719074] Loading compiled-in X.509 certificates
[    0.719495] Loaded X.509 cert 'Build time autogenerated kernel key: 8584d6936bc49d8c8f6c326ac11854e3624115ca'
[    0.719865] Loaded X.509 cert 'Canonical Ltd. Live Patch Signing: 14df34d1a87cf37625abec039ef2bf521249b969'
[    0.720229] Loaded X.509 cert 'Canonical Ltd. Kernel Module Signing: 88f752e560a1e0737e31163a466ad7b70a850c19'
[    0.720230] blacklist: Loading compiled-in revocation X.509 certificates
[    0.720240] Loaded X.509 cert 'Canonical Ltd. Secure Boot Signing: 61482aa2830d0ab2ad5af10b7250da9033ddcef0'
[    0.720414] zswap: loaded using pool lzo/zbud
[    0.720584] Key type ._fscrypt registered
[    0.720585] Key type .fscrypt registered
[    0.720586] Key type fscrypt-provisioning registered
[    0.722114] Key type encrypted registered
[    0.722116] AppArmor: AppArmor sha1 policy hashing enabled
[    0.722412] integrity: Loading X.509 certificate: UEFI:MokListRT (MOKvar table)
[    0.722570] integrity: Loaded X.509 cert 'Canonical Ltd. Master Certificate Authority: ad91990bc22ab1f517048c23b6655a268e345a63'
[    0.722572] ima: No TPM chip found, activating TPM-bypass!
[    0.722573] Loading compiled-in module X.509 certificates
[    0.722942] Loaded X.509 cert 'Build time autogenerated kernel key: 8584d6936bc49d8c8f6c326ac11854e3624115ca'
[    0.722944] ima: Allocated hash algorithm: sha1
[    0.722948] ima: No architecture policies found
[    0.722955] evm: Initialising EVM extended attributes:
[    0.722955] evm: security.selinux
[    0.722956] evm: security.SMACK64
[    0.722956] evm: security.SMACK64EXEC
[    0.722957] evm: security.SMACK64TRANSMUTE
[    0.722957] evm: security.SMACK64MMAP
[    0.722957] evm: security.apparmor
[    0.722958] evm: security.ima
[    0.722958] evm: security.capability
[    0.722959] evm: HMAC attrs: 0x1
[    0.723123] PM:   Magic number: 14:952:938
[    0.723249] RAS: Correctable Errors collector initialized.
[    0.723846] Freeing unused decrypted memory: 2036K
[    0.724099] Freeing unused kernel image (initmem) memory: 3232K
[    0.757979] Write protecting the kernel read-only data: 30720k
[    0.758229] Freeing unused kernel image (text/rodata gap) memory: 2036K
[    0.758356] Freeing unused kernel image (rodata/data gap) memory: 1476K
[    0.767856] x86/mm: Checked W+X mappings: passed, no W+X pages found.
[    0.767860] Run /init as init process
[    0.767860]   with arguments:
[    0.767861]     /init
[    0.767862]     splash
[    0.767862]   with environment:
[    0.767863]     HOME=/
[    0.767863]     TERM=linux
[    0.767864]     BOOT_IMAGE=/boot/vmlinuz-5.15.0-53-generic
[    0.767864]     split_lock_detect=off
[    0.826044] e1000e: Intel(R) PRO/1000 Network Driver
[    0.826046] e1000e: Copyright(c) 1999 - 2015 Intel Corporation.
[    0.826072] e1000e 0000:00:1f.6: enabling device (0000 -> 0002)
[    0.826337] e1000e 0000:00:1f.6: Interrupt Throttling Rate (ints/sec) set to dynamic conservative mode
[    0.826884] xhci_hcd 0000:00:14.0: xHCI Host Controller
[    0.826889] xhci_hcd 0000:00:14.0: new USB bus registered, assigned bus number 1
[    0.826906] acpi PNP0C14:02: duplicate WMI GUID 05901221-D566-11D1-B2F0-00A0C9062910 (first instance was on PNP0C14:01)
[    0.827324] ahci 0000:00:17.0: version 3.0
[    0.827574] i801_smbus 0000:00:1f.4: SMBus using PCI interrupt
[    0.828018] nvme 0000:3b:00.0: platform quirk: setting simple suspend
[    0.828038] xhci_hcd 0000:00:14.0: hcc params 0x200077c1 hci version 0x100 quirks 0x0000000000109810
[    0.828088] nvme nvme0: pci function 0000:3b:00.0
[    0.828632] xhci_hcd 0000:00:14.0: xHCI Host Controller
[    0.828638] xhci_hcd 0000:00:14.0: new USB bus registered, assigned bus number 2
[    0.828641] xhci_hcd 0000:00:14.0: Host supports USB 3.0 SuperSpeed
[    0.828675] usb usb1: New USB device found, idVendor=1d6b, idProduct=0002, bcdDevice= 5.15
[    0.828677] usb usb1: New USB device strings: Mfr=3, Product=2, SerialNumber=1
[    0.828678] usb usb1: Product: xHCI Host Controller
[    0.828679] usb usb1: Manufacturer: Linux 5.15.0-53-generic xhci-hcd
[    0.828680] usb usb1: SerialNumber: 0000:00:14.0
[    0.829322] i2c i2c-0: 4/4 memory slots populated (from DMI)
[    0.829907] hub 1-0:1.0: USB hub found
[    0.829923] hub 1-0:1.0: 12 ports detected
[    0.832462] i2c i2c-0: Successfully instantiated SPD at 0x50
[    0.832652] usb usb2: New USB device found, idVendor=1d6b, idProduct=0003, bcdDevice= 5.15
[    0.832654] usb usb2: New USB device strings: Mfr=3, Product=2, SerialNumber=1
[    0.832655] usb usb2: Product: xHCI Host Controller
[    0.832656] usb usb2: Manufacturer: Linux 5.15.0-53-generic xhci-hcd
[    0.832657] usb usb2: SerialNumber: 0000:00:14.0
[    0.832723] hub 2-0:1.0: USB hub found
[    0.832754] hub 2-0:1.0: 8 ports detected
[    0.832793] i2c i2c-0: Successfully instantiated SPD at 0x51
[    0.833113] i2c i2c-0: Successfully instantiated SPD at 0x52
[    0.833438] i2c i2c-0: Successfully instantiated SPD at 0x53
[    0.833496] usb: port power management may be unreliable
[    0.833709] nvme nvme0: missing or invalid SUBNQN field.
[    0.837735] ahci 0000:00:17.0: AHCI 0001.0301 32 slots 6 ports 6 Gbps 0x3f impl SATA mode
[    0.837738] ahci 0000:00:17.0: flags: 64bit ncq sntf pm led clo only pio slum part ems deso sadm sds apst 
[    0.842692] nvme nvme0: allocated 64 MiB host memory buffer.
[    0.861163] nvme nvme0: 8/0/0 default/read/poll queues
[    0.867098]  nvme0n1: p1 p2 p3
[    0.910419] scsi host0: ahci
[    0.910503] scsi host1: ahci
[    0.910588] scsi host2: ahci
[    0.910658] scsi host3: ahci
[    0.910745] scsi host4: ahci
[    0.910819] scsi host5: ahci
[    0.910844] ata1: SATA max UDMA/133 abar m2048@0xbc226000 port 0xbc226100 irq 125
[    0.910846] ata2: SATA max UDMA/133 abar m2048@0xbc226000 port 0xbc226180 irq 125
[    0.910847] ata3: SATA max UDMA/133 abar m2048@0xbc226000 port 0xbc226200 irq 125
[    0.910848] ata4: SATA max UDMA/133 abar m2048@0xbc226000 port 0xbc226280 irq 125
[    0.910849] ata5: SATA max UDMA/133 abar m2048@0xbc226000 port 0xbc226300 irq 125
[    0.910851] ata6: SATA max UDMA/133 abar m2048@0xbc226000 port 0xbc226380 irq 125
[    1.072903] e1000e 0000:00:1f.6 0000:00:1f.6 (uninitialized): registered PHC clock
[    1.140815] e1000e 0000:00:1f.6 eth0: (PCI Express:2.5GT/s:Width x1) a8:a1:59:4a:b7:3e
[    1.140820] e1000e 0000:00:1f.6 eth0: Intel(R) PRO/1000 Network Connection
[    1.140884] e1000e 0000:00:1f.6 eth0: MAC: 12, PHY: 12, PBA No: FFFFFF-0FF
[    1.169980] usb 1-3: new low-speed USB device number 2 using xhci_hcd
[    1.224094] ata4: SATA link down (SStatus 4 SControl 300)
[    1.224113] ata1: SATA link up 6.0 Gbps (SStatus 133 SControl 300)
[    1.224144] ata6: SATA link down (SStatus 4 SControl 300)
[    1.224161] ata2: SATA link down (SStatus 4 SControl 300)
[    1.224180] ata3: SATA link down (SStatus 4 SControl 300)
[    1.224196] ata5: SATA link down (SStatus 4 SControl 300)
[    1.224238] ata1.00: ATA-10: KINGSTON SA400S37480G, SBFKJ4.3, max UDMA/133
[    1.224257] ata1.00: 937703088 sectors, multi 1: LBA48 NCQ (depth 32), AA
[    1.224344] ata1.00: configured for UDMA/133
[    1.224423] scsi 0:0:0:0: Direct-Access     ATA      KINGSTON SA400S3 J4.3 PQ: 0 ANSI: 5
[    1.224557] sd 0:0:0:0: Attached scsi generic sg0 type 0
[    1.224598] sd 0:0:0:0: [sda] 937703088 512-byte logical blocks: (480 GB/447 GiB)
[    1.224604] sd 0:0:0:0: [sda] Write Protect is off
[    1.224605] sd 0:0:0:0: [sda] Mode Sense: 00 3a 00 00
[    1.224613] sd 0:0:0:0: [sda] Write cache: enabled, read cache: enabled, doesn't support DPO or FUA
[    1.267778]  sda: sda1 sda2 sda3
[    1.289997] sd 0:0:0:0: [sda] Attached SCSI disk
[    1.291664] e1000e 0000:00:1f.6 eno1: renamed from eth0
[    1.338239] usb 1-3: New USB device found, idVendor=09da, idProduct=0260, bcdDevice= 2.50
[    1.338242] usb 1-3: New USB device strings: Mfr=1, Product=2, SerialNumber=0
[    1.338244] usb 1-3: Product: USB Keyboard
[    1.338245] usb 1-3: Manufacturer:  
[    1.457987] tsc: Refined TSC clocksource calibration: 2903.999 MHz
[    1.457993] clocksource: tsc: mask: 0xffffffffffffffff max_cycles: 0x29dc050a48e, max_idle_ns: 440795325698 ns
[    1.458010] clocksource: Switched to clocksource tsc
[    1.466002] usb 1-10: new full-speed USB device number 3 using xhci_hcd
[    1.615254] usb 1-10: New USB device found, idVendor=26ce, idProduct=01a2, bcdDevice= 0.00
[    1.615264] usb 1-10: New USB device strings: Mfr=1, Product=2, SerialNumber=3
[    1.615269] usb 1-10: Product: LED Controller
[    1.615272] usb 1-10: Manufacturer: ASRock
[    1.615276] usb 1-10: SerialNumber: A02019100900
[    1.741991] usb 1-12: new high-speed USB device number 4 using xhci_hcd
[    1.891221] usb 1-12: New USB device found, idVendor=05e3, idProduct=0610, bcdDevice=60.52
[    1.891226] usb 1-12: New USB device strings: Mfr=0, Product=1, SerialNumber=0
[    1.891228] usb 1-12: Product: USB2.0 Hub
[    1.891974] hub 1-12:1.0: USB hub found
[    1.892250] hub 1-12:1.0: 4 ports detected
[    1.905062] hid: raw HID events driver (C) Jiri Kosina
[    1.934972] usbcore: registered new interface driver usbhid
[    1.934978] usbhid: USB HID core driver
[    1.938903] input:   USB Keyboard as /devices/pci0000:00/0000:00:14.0/usb1/1-3/1-3:1.0/0003:09DA:0260.0001/input/input3
[    1.998029] hid-generic 0003:09DA:0260.0001: input,hidraw0: USB HID v1.10 Keyboard [  USB Keyboard] on usb-0000:00:14.0-3/input0
[    1.998113] input:   USB Keyboard System Control as /devices/pci0000:00/0000:00:14.0/usb1/1-3/1-3:1.1/0003:09DA:0260.0002/input/input4
[    2.058026] input:   USB Keyboard Consumer Control as /devices/pci0000:00/0000:00:14.0/usb1/1-3/1-3:1.1/0003:09DA:0260.0002/input/input5
[    2.058064] hid-generic 0003:09DA:0260.0002: input,hidraw1: USB HID v1.10 Device [  USB Keyboard] on usb-0000:00:14.0-3/input1
[    2.058143] input: ASRock LED Controller as /devices/pci0000:00/0000:00:14.0/usb1/1-10/1-10:1.0/0003:26CE:01A2.0003/input/input6
[    2.118019] hid-generic 0003:26CE:01A2.0003: input,hidraw2: USB HID v1.10 Device [ASRock LED Controller] on usb-0000:00:14.0-10/input0
[    2.168969] EXT4-fs (sda3): mounted filesystem with ordered data mode. Opts: (null). Quota mode: none.
[    2.284574] systemd[1]: Inserted module 'autofs4'
[    2.305677] systemd[1]: systemd 249.11-0ubuntu3.6 running in system mode (+PAM +AUDIT +SELINUX +APPARMOR +IMA +SMACK +SECCOMP +GCRYPT +GNUTLS +OPENSSL +ACL +BLKID +CURL +ELFUTILS +FIDO2 +IDN2 -IDN +IPTC +KMOD +LIBCRYPTSETUP +LIBFDISK +PCRE2 -PWQUALITY -P11KIT -QRENCODE +BZIP2 +LZ4 +XZ +ZLIB +ZSTD -XKBCOMMON +UTMP +SYSVINIT default-hierarchy=unified)
[    2.322016] systemd[1]: Detected architecture x86-64.
[    2.322348] systemd[1]: Hostname set to <tolian-desktop>.
[    2.497398] systemd[1]: Queued start job for default target Graphical Interface.
[    2.526332] systemd[1]: Created slice Virtual Machine and Container Slice.
[    2.526704] systemd[1]: Created slice Slice /system/modprobe.
[    2.526945] systemd[1]: Created slice Slice /system/systemd-fsck.
[    2.527095] systemd[1]: Created slice User and Session Slice.
[    2.527134] systemd[1]: Started Forward Password Requests to Wall Directory Watch.
[    2.527224] systemd[1]: Set up automount Arbitrary Executable File Formats File System Automount Point.
[    2.527271] systemd[1]: Reached target Remote File Systems.
[    2.527280] systemd[1]: Reached target Slice Units.
[    2.527299] systemd[1]: Reached target Local Verity Protected Volumes.
[    2.527308] systemd[1]: Reached target Libvirt guests shutdown.
[    2.527354] systemd[1]: Listening on Device-mapper event daemon FIFOs.
[    2.527416] systemd[1]: Listening on LVM2 poll daemon socket.
[    2.527478] systemd[1]: Listening on Syslog Socket.
[    2.527522] systemd[1]: Listening on fsck to fsckd communication Socket.
[    2.527548] systemd[1]: Listening on initctl Compatibility Named Pipe.
[    2.527642] systemd[1]: Listening on Journal Audit Socket.
[    2.527690] systemd[1]: Listening on Journal Socket (/dev/log).
[    2.527744] systemd[1]: Listening on Journal Socket.
[    2.527941] systemd[1]: Listening on udev Control Socket.
[    2.527990] systemd[1]: Listening on udev Kernel Socket.
[    2.528415] systemd[1]: Mounting Huge Pages File System...
[    2.528854] systemd[1]: Mounting POSIX Message Queue File System...
[    2.529416] systemd[1]: Mounting Kernel Debug File System...
[    2.529853] systemd[1]: Mounting Kernel Trace File System...
[    2.530765] systemd[1]: Starting Journal Service...
[    2.530880] systemd[1]: Finished Availability of block devices.
[    2.531639] systemd[1]: Starting Set the console keyboard layout...
[    2.532204] systemd[1]: Starting Create List of Static Device Nodes...
[    2.532707] systemd[1]: Starting Monitoring of LVM2 mirrors, snapshots etc. using dmeventd or progress polling...
[    2.533198] systemd[1]: Starting Load Kernel Module chromeos_pstore...
[    2.533663] systemd[1]: Starting Load Kernel Module configfs...
[    2.534168] systemd[1]: Starting Load Kernel Module drm...
[    2.534784] systemd[1]: Starting Load Kernel Module efi_pstore...
[    2.535385] systemd[1]: Starting Load Kernel Module fuse...
[    2.535877] systemd[1]: Starting Load Kernel Module pstore_blk...
[    2.536397] systemd[1]: Starting Load Kernel Module pstore_zone...
[    2.537018] systemd[1]: Starting Load Kernel Module ramoops...
[    2.537149] systemd[1]: Condition check resulted in File System Check on Root Device being skipped.
[    2.546230] systemd[1]: Starting Load Kernel Modules...
[    2.546977] systemd[1]: Starting Remount Root and Kernel File Systems...
[    2.547165] pstore: Using crash dump compression: deflate
[    2.547170] pstore: Registered efi as persistent store backend
[    2.547570] systemd[1]: Starting Coldplug All udev Devices...
[    2.548505] systemd[1]: Mounted Huge Pages File System.
[    2.548558] systemd[1]: Mounted POSIX Message Queue File System.
[    2.548601] systemd[1]: Mounted Kernel Debug File System.
[    2.548641] systemd[1]: Mounted Kernel Trace File System.
[    2.548813] systemd[1]: Finished Create List of Static Device Nodes.
[    2.548980] systemd[1]: modprobe@configfs.service: Deactivated successfully.
[    2.549083] systemd[1]: Finished Load Kernel Module configfs.
[    2.549208] systemd[1]: modprobe@drm.service: Deactivated successfully.
[    2.549316] systemd[1]: Finished Load Kernel Module drm.
[    2.549461] systemd[1]: modprobe@efi_pstore.service: Deactivated successfully.
[    2.549574] systemd[1]: Finished Load Kernel Module efi_pstore.
[    2.549694] systemd[1]: modprobe@fuse.service: Deactivated successfully.
[    2.549789] systemd[1]: Finished Load Kernel Module fuse.
[    2.549904] systemd[1]: modprobe@pstore_blk.service: Deactivated successfully.
[    2.550014] systemd[1]: Finished Load Kernel Module pstore_blk.
[    2.550148] systemd[1]: modprobe@pstore_zone.service: Deactivated successfully.
[    2.550240] systemd[1]: Finished Load Kernel Module pstore_zone.
[    2.550350] systemd[1]: modprobe@ramoops.service: Deactivated successfully.
[    2.550443] systemd[1]: Finished Load Kernel Module ramoops.
[    2.550977] systemd[1]: Mounting FUSE Control File System...
[    2.551407] systemd[1]: Mounting Kernel Configuration File System...
[    2.552648] systemd[1]: Mounted FUSE Control File System.
[    2.552697] systemd[1]: Mounted Kernel Configuration File System.
[    2.554544] EXT4-fs (sda3): re-mounted. Opts: errors=remount-ro. Quota mode: none.
[    2.555193] systemd[1]: Finished Remount Root and Kernel File Systems.
[    2.555721] systemd[1]: Activating swap /swapfile...
[    2.556277] systemd[1]: Starting Load/Save Random Seed...
[    2.556809] systemd[1]: Starting Create System Users...
[    2.559769] Adding 2097148k swap on /swapfile.  Priority:-2 extents:6 across:2260988k SSFS
[    2.559800] systemd[1]: Activated swap /swapfile.
[    2.559831] systemd[1]: Reached target Swaps.
[    2.563639] lp: driver loaded but no devices found
[    2.568015] ppdev: user-space parallel port driver
[    2.569156] systemd[1]: Started Journal Service.
[    2.575162] systemd-journald[360]: Received client request to flush runtime journal.
[    2.659096] loop0: detected capacity change from 0 to 2025672
[    2.659755] loop1: detected capacity change from 0 to 2038656
[    2.663682] loop2: detected capacity change from 0 to 8
[    2.666131] loop3: detected capacity change from 0 to 466568
[    2.668377] loop4: detected capacity change from 0 to 484392
[    2.670025] loop5: detected capacity change from 0 to 235496
[    2.672266] loop6: detected capacity change from 0 to 235328
[    2.673830] loop7: detected capacity change from 0 to 113792
[    2.676319] loop8: detected capacity change from 0 to 113832
[    2.676363] loop9: detected capacity change from 0 to 129480
[    2.677700] loop10: detected capacity change from 0 to 129520
[    2.679951] loop11: detected capacity change from 0 to 144208
[    2.680986] loop12: detected capacity change from 0 to 149072
[    2.682218] loop13: detected capacity change from 0 to 486528
[    2.684639] loop14: detected capacity change from 0 to 333552
[    2.686073] loop15: detected capacity change from 0 to 337424
[    2.687724] loop16: detected capacity change from 0 to 448512
[    2.690020] loop17: detected capacity change from 0 to 448512
[    2.692845] loop18: detected capacity change from 0 to 709216
[    2.693862] loop19: detected capacity change from 0 to 709280
[    2.695156] loop20: detected capacity change from 0 to 166424
[    2.696231] loop21: detected capacity change from 0 to 187776
[    2.698823] loop22: detected capacity change from 0 to 533936
[    2.700973] loop23: detected capacity change from 0 to 340608
[    2.701743] loop24: detected capacity change from 0 to 340608
[    2.702933] loop25: detected capacity change from 0 to 594984
[    2.704909] loop26: detected capacity change from 0 to 359152
[    2.705038] loop27: detected capacity change from 0 to 359144
[    2.706654] loop28: detected capacity change from 0 to 94056
[    2.707757] loop29: detected capacity change from 0 to 94056
[    2.709373] loop30: detected capacity change from 0 to 98272
[    2.710216] loop31: detected capacity change from 0 to 101664
[    2.712555] loop32: detected capacity change from 0 to 568
[    2.715288] loop33: detected capacity change from 0 to 716568
[    2.718220] loop34: detected capacity change from 0 to 743408
[    2.718434] loop35: detected capacity change from 0 to 605624
[    2.719970] loop36: detected capacity change from 0 to 656256
[    2.724291] loop37: detected capacity change from 0 to 203720
[    2.725882] loop38: detected capacity change from 0 to 203720
[    2.729382] loop39: detected capacity change from 0 to 710600
[    2.739723] loop40: detected capacity change from 0 to 711016
[    2.742420] loop41: detected capacity change from 0 to 512016
[    2.742853] loop42: detected capacity change from 0 to 762600
[    2.823663] ee1004 0-0050: 512 byte EE1004-compliant SPD EEPROM, read-only
[    2.823689] ee1004 0-0051: 512 byte EE1004-compliant SPD EEPROM, read-only
[    2.823699] ee1004 0-0052: 512 byte EE1004-compliant SPD EEPROM, read-only
[    2.823896] ee1004 0-0053: 512 byte EE1004-compliant SPD EEPROM, read-only
[    2.827526] mei_me 0000:00:16.0: enabling device (0000 -> 0002)
[    2.828576] RAPL PMU: API unit is 2^-32 Joules, 3 fixed counters, 655360 ms ovfl timer
[    2.828579] RAPL PMU: hw unit of domain pp0-core 2^-14 Joules
[    2.828580] RAPL PMU: hw unit of domain package 2^-14 Joules
[    2.828581] RAPL PMU: hw unit of domain dram 2^-14 Joules
[    2.848093] cryptd: max_cpu_qlen set to 1000
[    2.887282] AVX2 version of gcm_enc/dec engaged.
[    2.887320] AES CTR mode by8 optimization enabled
[    3.089952] snd_hda_intel 0000:00:1f.3: enabling device (0400 -> 0402)
[    3.090237] snd_hda_intel 0000:01:00.1: enabling device (0000 -> 0002)
[    3.090314] snd_hda_intel 0000:01:00.1: Disabling MSI
[    3.090317] snd_hda_intel 0000:01:00.1: Handle vga_switcheroo audio client
[    3.126294] input: HDA NVidia HDMI/DP,pcm=3 as /devices/pci0000:00/0000:00:01.0/0000:01:00.1/sound/card1/input7
[    3.126333] input: HDA NVidia HDMI/DP,pcm=7 as /devices/pci0000:00/0000:00:01.0/0000:01:00.1/sound/card1/input8
[    3.126388] input: HDA NVidia HDMI/DP,pcm=8 as /devices/pci0000:00/0000:00:01.0/0000:01:00.1/sound/card1/input9
[    3.126432] input: HDA NVidia HDMI/DP,pcm=9 as /devices/pci0000:00/0000:00:01.0/0000:01:00.1/sound/card1/input10
[    3.126475] input: HDA NVidia HDMI/DP,pcm=10 as /devices/pci0000:00/0000:00:01.0/0000:01:00.1/sound/card1/input11
[    3.126525] input: HDA NVidia HDMI/DP,pcm=11 as /devices/pci0000:00/0000:00:01.0/0000:01:00.1/sound/card1/input12
[    3.134181] snd_hda_codec_realtek hdaudioC0D0: ALCS1200A: SKU not ready 0x00000000
[    3.134515] snd_hda_codec_realtek hdaudioC0D0: autoconfig for ALCS1200A: line_outs=1 (0x14/0x0/0x0/0x0/0x0) type:line
[    3.134518] snd_hda_codec_realtek hdaudioC0D0:    speaker_outs=0 (0x0/0x0/0x0/0x0/0x0)
[    3.134519] snd_hda_codec_realtek hdaudioC0D0:    hp_outs=1 (0x1b/0x0/0x0/0x0/0x0)
[    3.134520] snd_hda_codec_realtek hdaudioC0D0:    mono: mono_out=0x0
[    3.134521] snd_hda_codec_realtek hdaudioC0D0:    inputs:
[    3.134522] snd_hda_codec_realtek hdaudioC0D0:      Front Mic=0x19
[    3.134522] snd_hda_codec_realtek hdaudioC0D0:      Rear Mic=0x18
[    3.134523] snd_hda_codec_realtek hdaudioC0D0:      Line=0x1a
[    3.145180] input: HDA Intel PCH Front Mic as /devices/pci0000:00/0000:00:1f.3/sound/card0/input13
[    3.145223] input: HDA Intel PCH Rear Mic as /devices/pci0000:00/0000:00:1f.3/sound/card0/input14
[    3.145257] input: HDA Intel PCH Line as /devices/pci0000:00/0000:00:1f.3/sound/card0/input15
[    3.145290] input: HDA Intel PCH Line Out as /devices/pci0000:00/0000:00:1f.3/sound/card0/input16
[    3.145327] input: HDA Intel PCH Front Headphone as /devices/pci0000:00/0000:00:1f.3/sound/card0/input17
[    3.296889] nvidia: loading out-of-tree module taints kernel.
[    3.296897] nvidia: module license 'NVIDIA' taints kernel.
[    3.296898] Disabling lock debugging due to kernel taint
[    3.301679] intel_tcc_cooling: Programmable TCC Offset detected
[    3.334168] nvidia: module verification failed: signature and/or required key missing - tainting kernel
[    3.336827] intel_rapl_common: Found RAPL domain package
[    3.336829] intel_rapl_common: Found RAPL domain core
[    3.336830] intel_rapl_common: Found RAPL domain dram
[    3.336832] intel_rapl_common: RAPL package-0 domain package locked by BIOS
[    3.336836] intel_rapl_common: RAPL package-0 domain dram locked by BIOS
[    3.345606] nvidia-nvlink: Nvlink Core is being initialized, major device number 509

[    3.346399] nvidia 0000:01:00.0: vgaarb: changed VGA decodes: olddecodes=io+mem,decodes=none:owns=io+mem
[    3.413227] audit: type=1400 audit(1669125392.439:2): apparmor="STATUS" operation="profile_load" profile="unconfined" name="libreoffice-senddoc" pid=759 comm="apparmor_parser"
[    3.413588] audit: type=1400 audit(1669125392.439:3): apparmor="STATUS" operation="profile_load" profile="unconfined" name="swtpm" pid=756 comm="apparmor_parser"
[    3.433118] audit: type=1400 audit(1669125392.459:4): apparmor="STATUS" operation="profile_load" profile="unconfined" name="libreoffice-oosplash" pid=758 comm="apparmor_parser"
[    3.442914] audit: type=1400 audit(1669125392.471:5): apparmor="STATUS" operation="profile_load" profile="unconfined" name="libreoffice-xpdfimport" pid=761 comm="apparmor_parser"
[    3.442962] audit: type=1400 audit(1669125392.471:6): apparmor="STATUS" operation="profile_load" profile="unconfined" name="nvidia_modprobe" pid=751 comm="apparmor_parser"
[    3.444088] audit: type=1400 audit(1669125392.471:7): apparmor="STATUS" operation="profile_load" profile="unconfined" name="nvidia_modprobe//kmod" pid=751 comm="apparmor_parser"
[    3.444715] audit: type=1400 audit(1669125392.471:8): apparmor="STATUS" operation="profile_load" profile="unconfined" name="lsb_release" pid=750 comm="apparmor_parser"
[    3.459869] audit: type=1400 audit(1669125392.487:9): apparmor="STATUS" operation="profile_load" profile="unconfined" name="/usr/bin/man" pid=755 comm="apparmor_parser"
[    3.460512] audit: type=1400 audit(1669125392.487:10): apparmor="STATUS" operation="profile_load" profile="unconfined" name="man_filter" pid=755 comm="apparmor_parser"
[    3.462004] NVRM: loading NVIDIA UNIX x86_64 Kernel Module  470.141.10  Thu Sep 22 00:43:55 UTC 2022
[    3.526022] nvidia-modeset: Loading NVIDIA Kernel Mode Setting Driver for UNIX platforms  470.141.10  Thu Sep 22 00:32:43 UTC 2022
[    3.573148] [drm] [nvidia-drm] [GPU ID 0x00000100] Loading driver
[    3.573150] [drm] Initialized nvidia-drm 0.0.0 20160202 for 0000:01:00.0 on minor 0
[    3.603534] nvidia_uvm: module uses symbols from proprietary module nvidia, inheriting taint.
[    3.605370] nvidia-uvm: Loaded the UVM driver, major device number 507.
[    7.318896] kauditd_printk_skb: 21 callbacks suppressed
[    7.318898] audit: type=1400 audit(1669125396.347:32): apparmor="STATUS" operation="profile_load" profile="unconfined" name="libreoffice-soffice" pid=760 comm="apparmor_parser"
[    7.320241] audit: type=1400 audit(1669125396.347:33): apparmor="STATUS" operation="profile_load" profile="unconfined" name="libreoffice-soffice//gpg" pid=760 comm="apparmor_parser"
[    7.389939] audit: type=1400 audit(1669125396.415:34): apparmor="STATUS" operation="profile_load" profile="unconfined" name="snap-update-ns.android-studio" pid=847 comm="apparmor_parser"
[    7.390216] audit: type=1400 audit(1669125396.419:35): apparmor="STATUS" operation="profile_load" profile="unconfined" name="snap-update-ns.code" pid=848 comm="apparmor_parser"
[    7.390562] audit: type=1400 audit(1669125396.419:36): apparmor="STATUS" operation="profile_load" profile="unconfined" name="snap-update-ns.core" pid=849 comm="apparmor_parser"
[    7.395020] audit: type=1400 audit(1669125396.423:37): apparmor="STATUS" operation="profile_load" profile="unconfined" name="snap-update-ns.postman" pid=853 comm="apparmor_parser"
[    7.398384] audit: type=1400 audit(1669125396.427:38): apparmor="STATUS" operation="profile_load" profile="unconfined" name="snap.android-studio.android-studio" pid=859 comm="apparmor_parser"
[    7.400643] audit: type=1400 audit(1669125396.427:39): apparmor="STATUS" operation="profile_load" profile="unconfined" name="snap-update-ns.openra" pid=851 comm="apparmor_parser"
[    7.401694] audit: type=1400 audit(1669125396.427:40): apparmor="STATUS" operation="profile_load" profile="unconfined" name="snap.code.code" pid=860 comm="apparmor_parser"
[    7.404736] audit: type=1400 audit(1669125396.431:41): apparmor="STATUS" operation="profile_load" profile="unconfined" name="snap.code.url-handler" pid=861 comm="apparmor_parser"
[   10.230969] bridge: filtering via arp/ip/ip6tables is no longer available by default. Update your scripts to load br_netfilter if you need this.
[   10.333430] loop43: detected capacity change from 0 to 8
[   12.331817] kauditd_printk_skb: 87 callbacks suppressed
[   12.331820] audit: type=1400 audit(1669125401.359:129): apparmor="DENIED" operation="capable" profile="/usr/lib/snapd/snap-confine" pid=1182 comm="snap-confine" capability=12  capname="net_admin"
[   12.331825] audit: type=1400 audit(1669125401.359:130): apparmor="DENIED" operation="capable" profile="/usr/lib/snapd/snap-confine" pid=1182 comm="snap-confine" capability=38  capname="perfmon"
[   12.376781] audit: type=1400 audit(1669125401.403:131): apparmor="DENIED" operation="capable" profile="/usr/lib/snapd/snap-confine" pid=1182 comm="snap-confine" capability=4  capname="fsetid"
[   12.782372] rfkill: input handler disabled
[   12.867432] audit: type=1400 audit(1669125401.895:132): apparmor="DENIED" operation="capable" profile="/usr/lib/snapd/snap-confine" pid=1677 comm="snap-confine" capability=12  capname="net_admin"
[   12.867437] audit: type=1400 audit(1669125401.895:133): apparmor="DENIED" operation="capable" profile="/usr/lib/snapd/snap-confine" pid=1677 comm="snap-confine" capability=38  capname="perfmon"
[   13.061626] e1000e 0000:00:1f.6 eno1: NIC Link is Up 100 Mbps Full Duplex, Flow Control: Rx/Tx
[   13.061630] e1000e 0000:00:1f.6 eno1: 10/100 speed: disabling TSO
[   13.061678] IPv6: ADDRCONF(NETDEV_CHANGE): eno1: link becomes ready
[   13.133699] audit: type=1400 audit(1669125402.159:134): apparmor="DENIED" operation="capable" profile="/usr/sbin/cups-browsed" pid=1760 comm="cups-browsed" capability=23  capname="sys_nice"
[   13.143884] vboxdrv: Found 12 processor cores
[   13.166105] vboxdrv: TSC mode is Invariant, tentative frequency 2903999289 Hz
[   13.166109] vboxdrv: Successfully loaded version 6.1.38_Ubuntu r153438 (interface 0x00320000)
[   13.173391] VBoxNetFlt: Successfully started.
[   13.180050] VBoxNetAdp: Successfully started.
[   13.234850] audit: type=1400 audit(1669125402.263:135): apparmor="DENIED" operation="capable" profile="/usr/lib/snapd/snap-confine" pid=1789 comm="snap-confine" capability=12  capname="net_admin"
[   13.234858] audit: type=1400 audit(1669125402.263:136): apparmor="DENIED" operation="capable" profile="/usr/lib/snapd/snap-confine" pid=1789 comm="snap-confine" capability=38  capname="perfmon"
[   13.608503] audit: type=1400 audit(1669125402.635:137): apparmor="STATUS" operation="profile_load" profile="unconfined" name="docker-default" pid=1855 comm="apparmor_parser"
[   13.814663] Bridge firewalling registered
[   13.844938] Initializing XFRM netlink socket
[   13.876289] audit: type=1400 audit(1669125402.903:138): apparmor="DENIED" operation="capable" profile="/usr/lib/snapd/snap-confine" pid=1932 comm="snap-confine" capability=12  capname="net_admin"
[   22.952170] kauditd_printk_skb: 1 callbacks suppressed
[   22.952172] audit: type=1400 audit(1669125411.979:140): apparmor="DENIED" operation="capable" profile="/usr/lib/snapd/snap-confine" pid=2128 comm="snap-confine" capability=12  capname="net_admin"
[   22.952175] audit: type=1400 audit(1669125411.979:141): apparmor="DENIED" operation="capable" profile="/usr/lib/snapd/snap-confine" pid=2128 comm="snap-confine" capability=38  capname="perfmon"
[   24.009897] audit: type=1400 audit(1669125413.035:142): apparmor="DENIED" operation="capable" profile="/usr/lib/snapd/snap-confine" pid=2381 comm="snap-confine" capability=12  capname="net_admin"
[   24.009906] audit: type=1400 audit(1669125413.035:143): apparmor="DENIED" operation="capable" profile="/usr/lib/snapd/snap-confine" pid=2381 comm="snap-confine" capability=38  capname="perfmon"
[   24.424539] audit: type=1400 audit(1669125413.451:144): apparmor="DENIED" operation="capable" profile="/usr/lib/snapd/snap-confine" pid=2447 comm="snap-confine" capability=12  capname="net_admin"
[   24.424543] audit: type=1400 audit(1669125413.451:145): apparmor="DENIED" operation="capable" profile="/usr/lib/snapd/snap-confine" pid=2447 comm="snap-confine" capability=38  capname="perfmon"
[   25.273117] audit: type=1400 audit(1669125414.299:146): apparmor="DENIED" operation="capable" profile="/usr/lib/snapd/snap-confine" pid=2579 comm="snap-confine" capability=12  capname="net_admin"
[   25.273121] audit: type=1400 audit(1669125414.299:147): apparmor="DENIED" operation="capable" profile="/usr/lib/snapd/snap-confine" pid=2579 comm="snap-confine" capability=38  capname="perfmon"
[   72.011491] Non-volatile memory driver v1.3
[   72.236630] lp: driver loaded but no devices found
[   72.245474] st: Version 20160209, fixed bufsize 32768, s/g segs 256
[  100.177465] rfkill: input handler enabled
[  101.641376] rfkill: input handler disabled
[  155.628974] lp: driver loaded but no devices found
[  236.692345] lp: driver loaded but no devices found
[  418.907720] lp: driver loaded but no devices found
[  504.488159] lp: driver loaded but no devices found
